C:/Users/BFR3KOR/STM32Cube/Repository/STM32Cube_FW_F4_V1.27.1/Drivers/CMSIS/Include/core_cm4.h:1688:22:__NVIC_EnableIRQ	16	static
../Src/dh11.c:13:13:delay_us	24	static
../Src/dh11.c:19:13:delay_ms	16	static
../Src/dh11.c:24:13:DHT11_Set_Pin_Output	4	static
../Src/dh11.c:30:13:DHT11_Set_Pin_Input	4	static
../Src/dh11.c:36:13:DHT11_Start	8	static
../Src/dh11.c:45:16:DHT11_Check_Response	8	static
../Src/dh11.c:57:16:DHT11_Read	16	static
../Src/dh11.c:69:16:DHT11_GetData	24	static
../Src/dh11.c:88:6:DHT11_Init	4	static
../Src/dh11.c:98:6:TIM4_Config	8	static
../Src/dh11.c:108:6:TIM4_IRQHandler	8	static
