C:/Users/BFR3KOR/STM32Cube/Repository/STM32Cube_FW_F4_V1.27.1/Drivers/CMSIS/Include/core_cm4.h:1688:22:__NVIC_EnableIRQ	16	static
C:/Users/BFR3KOR/STM32Cube/Repository/STM32Cube_FW_F4_V1.27.1/Drivers/CMSIS/Include/core_cm4.h:1816:22:__NVIC_SetPriority	16	static
../Src/main.c:37:20:buzzer_on	4	static
../Src/main.c:40:20:buzzer_off	4	static
../Src/main.c:45:20:led_on	16	static
../Src/main.c:49:20:led_off	16	static
../Src/main.c:53:13:all_leds_off	8	static
../Src/main.c:63:13:update_led_bar_graph	16	static
../Src/main.c:100:6:TIM6_DAC_IRQHandler	8	static
../Src/main.c:119:13:timer6_init	8	static
../Src/main.c:142:13:gpio_init	8	static
../Src/main.c:188:13:spi1_init	4	static
../Src/main.c:198:6:DWT_Init	4	static
../Src/main.c:205:6:SystemClock_Config	4	static
../Src/main.c:220:5:main	40	static
